views/index$Template.class
rocker/RockerResponse.class
views/common/main$Template.class
myapp/models/User.class
META-INF/services/myapp.routes.HazelCastResource
rocker/EmptyHeaders.class
myapp/routes/HazelCastResource$1.class
rocker/RockerSerializerFactory.class
views/common/main$PlainText.class
rocker/HTMLRockerSerializer.class
views/redis.class
META-INF/services/myapp.routes.UndertowResource
myapp/routes/FastPForResource.class
myapp/models/Collection.class
views/index$PlainText.class
myapp/routes/GeneratedRoutingMethod1920576170.class
myapp/routes/RedisResource$3.class
myapp/routes/GeneratedRoutingMethod3443400285.class
views/fastpfor.class
META-INF/services/kikaha.urouting.api.Serializer
myapp/models/HazelCast.class
myapp/models/FastByteArrayOutputStream.class
views/fastpfor$PlainText.class
META-INF/services/io.undertow.server.HttpHandler
myapp/routes/RedisResource$2.class
rocker/RockerSerializer.class
rocker/RockerResource.class
myapp/models/Author.class
views/hazelcast.class
views/redis$Template.class
META-INF/services/rocker.RockerResource
myapp/routes/GeneratedRoutingMethod1284666037.class
myapp/services/Builder.class
myapp/services/Paginator.class
rocker/GeneratedRoutingMethod1540815954.class
META-INF/services/myapp.routes.FastPForResource
myapp/routes/RedisResource.class
myapp/routes/HazelCastResource.class
views/common/error.class
META-INF/services/myapp.routes.HomeResource
views/redis$PlainText.class
META-INF/services/rocker.RockerSerializer
rocker/RockerTemplate.class
myapp/models/Probe.class
views/hazelcast$Template.class
META-INF/services/myapp.routes.RedisResource
views/fastpfor$Template.class
views/common/main.class
views/hazelcast$PlainText.class
views/common/error$PlainText.class
myapp/routes/GeneratedRoutingMethod4110451057.class
views/common/error$Template.class
myapp/routes/GeneratedRoutingMethod3591995230.class
myapp/routes/HazelCastResource$2.class
myapp/routes/UndertowResource.class
myapp/models/Post.class
myapp/models/BufferEncoder.class
myapp/routes/RedisResource$1.class
META-INF/services/rocker.RockerSerializerFactory
views/index.class
myapp/routes/UndertowResource$1.class
myapp/routes/HomeResource.class
