views/index$Template.class
META-INF/services/io.undertow.server.HttpHandler
rocker/RockerResponse.class
views/common/main$Template.class
myapp/models/User.class
META-INF/services/myapp.routes.HazelCastResource
rocker/RockerSerializer.class
rocker/EmptyHeaders.class
rocker/RockerResource.class
rocker/RockerSerializerFactory.class
views/common/main$PlainText.class
views/hazelcast.class
myapp/routes/GeneratedRoutingMethod4205422549.class
rocker/HTMLRockerSerializer.class
META-INF/services/rocker.RockerResource
rocker/GeneratedRoutingMethod1540815954.class
myapp/routes/HazelCastResource.class
views/index$PlainText.class
META-INF/services/myapp.routes.HomeResource
META-INF/services/rocker.RockerSerializer
rocker/RockerTemplate.class
myapp/GettingStarted.class
myapp/routes/GeneratedRoutingMethod2577331681.class
views/hazelcast$Template.class
views/common/main.class
views/hazelcast$PlainText.class
myapp/routes/GeneratedRoutingMethod3443400285.class
META-INF/services/kikaha.urouting.api.Serializer
myapp/models/HazelCast.class
META-INF/services/rocker.RockerSerializerFactory
views/index.class
myapp/routes/HomeResource.class
