views/index$Template.class
rocker/RockerResponse.class
views/common/main$Template.class
myapp/models/User.class
META-INF/services/myapp.routes.HazelCastResource
views/bothazelcast.class
rocker/EmptyHeaders.class
rocker/RockerSerializerFactory.class
myapp/routes/BotRedisResource.class
views/common/main$PlainText.class
myapp/models/Forum.class
rocker/HTMLRockerSerializer.class
META-INF/services/myapp.routes.BotHazelCastResource
META-INF/services/myapp.routes.UndertowResource
myapp/routes/BotRedisResource$3.class
views/botredis.class
views/index$PlainText.class
myapp/routes/GeneratedRoutingMethod2577331681.class
views/botredis$Template.class
myapp/routes/GeneratedRoutingMethod3443400285.class
META-INF/services/kikaha.urouting.api.Serializer
myapp/routes/BotRedisResource$2.class
myapp/models/HazelCast.class
META-INF/services/io.undertow.server.HttpHandler
rocker/RockerSerializer.class
myapp/routes/BotRedisResource$1.class
rocker/RockerResource.class
myapp/routes/GeneratedRoutingMethod46668212.class
views/bothazelcast$Template.class
myapp/models/Author.class
views/hazelcast.class
myapp/routes/GeneratedRoutingMethod4205422549.class
views/botredis$PlainText.class
META-INF/services/rocker.RockerResource
myapp/routes/GeneratedRoutingMethod1106643560.class
META-INF/services/myapp.routes.BotRedisResource
myapp/routes/BotHazelCastResource$1.class
myapp/routes/BotHazelCastResource$2.class
rocker/GeneratedRoutingMethod1540815954.class
myapp/routes/HazelCastResource.class
views/common/error.class
META-INF/services/myapp.routes.HomeResource
META-INF/services/rocker.RockerSerializer
rocker/RockerTemplate.class
views/hazelcast$Template.class
views/bothazelcast$PlainText.class
views/common/main.class
views/hazelcast$PlainText.class
views/common/error$PlainText.class
views/common/error$Template.class
myapp/routes/UndertowResource.class
myapp/models/Post.class
myapp/routes/GeneratedRoutingMethod447722929.class
myapp/routes/GeneratedRoutingMethod3377373805.class
META-INF/services/rocker.RockerSerializerFactory
views/index.class
myapp/routes/BotHazelCastResource.class
myapp/routes/HomeResource.class
