/home/jay/2.0/output/generated-sources/rocker/views/index.java
/home/jay/2.0/output/generated-sources/rocker/views/fastpfor.java
/home/jay/2.0/output/generated-sources/rocker/views/redis.java
/home/jay/2.0/source/myapp/models/Post.java
/home/jay/2.0/output/generated-sources/rocker/views/common/error.java
/home/jay/2.0/source/myapp/routes/HazelCastResource.java
/home/jay/2.0/source/myapp/models/HazelCast.java
/home/jay/2.0/source/myapp/routes/FastPForResource.java
/home/jay/2.0/source/rocker/RockerTemplate.java
/home/jay/2.0/source/rocker/RockerResource.java
/home/jay/2.0/source/myapp/routes/HomeResource.java
/home/jay/2.0/source/rocker/RockerResponse.java
/home/jay/2.0/source/rocker/RockerSerializerFactory.java
/home/jay/2.0/source/myapp/models/Author.java
/home/jay/2.0/source/rocker/RockerSerializer.java
/home/jay/2.0/source/myapp/models/Probe.java
/home/jay/2.0/source/myapp/services/Paginator.java
/home/jay/2.0/source/rocker/HTMLRockerSerializer.java
/home/jay/2.0/source/myapp/models/BufferEncoder.java
/home/jay/2.0/source/myapp/services/Builder.java
/home/jay/2.0/output/generated-sources/rocker/views/common/main.java
/home/jay/2.0/source/myapp/models/FastByteArrayOutputStream.java
/home/jay/2.0/source/myapp/models/User.java
/home/jay/2.0/source/myapp/models/Collection.java
/home/jay/2.0/source/myapp/routes/UndertowResource.java
/home/jay/2.0/source/myapp/routes/RedisResource.java
/home/jay/2.0/output/generated-sources/rocker/views/hazelcast.java
